JSON write result is correct: " \u0000"
PASS
Re-parsed object string len=2, chars=[32, 0]
